DEBUG 2025-05-21 14:14:48.047 UTC: 	 CRAB Client version: v3.250409
DEBUG 2025-05-21 14:14:48.048 UTC: 	 Running on: Linux pcwaw09 5.14.0-503.23.2.el9_5.x86_64 #1 SMP PREEMPT_DYNAMIC Wed Feb 12 05:52:18 EST 2025 x86_64 x86_64 x86_64 GNU/Linux
DEBUG 2025-05-21 14:14:48.048 UTC: 	 Using SINGULARITY image: el9:x86_64
DEBUG 2025-05-21 14:14:48.048 UTC: 	 Operating System: AlmaLinux 9.5 (Teal Serval)
DEBUG 2025-05-21 14:14:48.048 UTC: 	 Executing command: 'submit'
DEBUG 2025-05-21 14:14:48.048 UTC: 	 Could not find CRAB cache file /home/psajdak/.crab3; creating a new one.
INFO 2025-05-21 14:14:48.049 UTC: 	 Will use CRAB configuration file crabConfig.py
DEBUG 2025-05-21 14:14:48.049 UTC: 	 Loading CRAB configuration file.
ERROR 2025-05-21 14:14:48.077 UTC: 	 Invalid CRAB configuration: Parameter JobType.pluginName has an invalid value ('Analysis_cwPS').
Allowed values are: ANALYSIS, PRIVATEMC, COPYCAT, RECOVER.
The documentation about the CRAB configuration file can be found in https://twiki.cern.ch/twiki/bin/view/CMSPublic/CRAB3ConfigurationFile
ERROR 2025-05-21 14:14:48.077 UTC: 	 Caught ClientException exception
Traceback (most recent call last):
  File "/cvmfs/cms.cern.ch/share/cms/crab-prod/v3.250409.00/bin/crab.py", line 157, in <module>
    client()
  File "/cvmfs/cms.cern.ch/share/cms/crab-prod/v3.250409.00/bin/crab.py", line 135, in __call__
    self.cmd = sub_cmd(self.logger, args[1:])  # the crab command to be executed
  File "/cvmfs/cms.cern.ch/share/cms/crab-prod/v3.250409.00/lib/CRABClient/Commands/submit.py", line 37, in __init__
    SubCommand.__init__(self, logger, cmdargs, disable_interspersed_args=True)
  File "/cvmfs/cms.cern.ch/share/cms/crab-prod/v3.250409.00/lib/CRABClient/Commands/SubCommand.py", line 326, in __init__
    self.loadConfig(self.options.config, self.args)
  File "/cvmfs/cms.cern.ch/share/cms/crab-prod/v3.250409.00/lib/CRABClient/Commands/SubCommand.py", line 95, in loadConfig
    raise ConfigurationException(configmsg)
CRABClient.ClientExceptions.ConfigurationException: Invalid CRAB configuration: Parameter JobType.pluginName has an invalid value ('Analysis_cwPS').
Allowed values are: ANALYSIS, PRIVATEMC, COPYCAT, RECOVER.
The documentation about the CRAB configuration file can be found in https://twiki.cern.ch/twiki/bin/view/CMSPublic/CRAB3ConfigurationFile
INFO 2025-05-21 14:14:48.080 UTC: 	 Log file is /eos/home-p/psajdak/CMSSW_14_2_2/src/UserCode/Analysis/jobs/crab.log
DEBUG 2025-05-21 14:16:49.119 UTC: 	 CRAB Client version: v3.250409
DEBUG 2025-05-21 14:16:49.119 UTC: 	 Running on: Linux pcwaw09 5.14.0-503.23.2.el9_5.x86_64 #1 SMP PREEMPT_DYNAMIC Wed Feb 12 05:52:18 EST 2025 x86_64 x86_64 x86_64 GNU/Linux
DEBUG 2025-05-21 14:16:49.119 UTC: 	 Using SINGULARITY image: el9:x86_64
DEBUG 2025-05-21 14:16:49.119 UTC: 	 Operating System: AlmaLinux 9.5 (Teal Serval)
DEBUG 2025-05-21 14:16:49.119 UTC: 	 Executing command: 'submit'
DEBUG 2025-05-21 14:16:49.119 UTC: 	 Found CRAB cache file /home/psajdak/.crab3
INFO 2025-05-21 14:16:49.119 UTC: 	 Will use CRAB configuration file crabConfig.py
DEBUG 2025-05-21 14:16:49.119 UTC: 	 Loading CRAB configuration file.
DEBUG 2025-05-21 14:16:49.141 UTC: 	 Will use CRAB plugin ANALYSIS (i.e. will run an analysis job type).
ERROR 2025-05-21 14:16:49.143 UTC: 	 Working area '/eos/home-p/psajdak/CMSSW_14_2_2/src/UserCode/Analysis/jobs/qqq2/crab_hhhhhh2' already exists 
Please change the requestName in the config file
ERROR 2025-05-21 14:16:49.143 UTC: 	 Caught ClientException exception
Traceback (most recent call last):
  File "/cvmfs/cms.cern.ch/share/cms/crab-prod/v3.250409.00/bin/crab.py", line 157, in <module>
    client()
  File "/cvmfs/cms.cern.ch/share/cms/crab-prod/v3.250409.00/bin/crab.py", line 135, in __call__
    self.cmd = sub_cmd(self.logger, args[1:])  # the crab command to be executed
  File "/cvmfs/cms.cern.ch/share/cms/crab-prod/v3.250409.00/lib/CRABClient/Commands/submit.py", line 37, in __init__
    SubCommand.__init__(self, logger, cmdargs, disable_interspersed_args=True)
  File "/cvmfs/cms.cern.ch/share/cms/crab-prod/v3.250409.00/lib/CRABClient/Commands/SubCommand.py", line 328, in __init__
    self.requestarea, self.requestname, self.logfile = createWorkArea(
  File "/cvmfs/cms.cern.ch/share/cms/crab-prod/v3.250409.00/lib/CRABClient/ClientUtilities.py", line 392, in createWorkArea
    raise ConfigException("Working area '%s' already exists \nPlease change the requestName in the config file" % fullpath)
CRABClient.ClientExceptions.ConfigException: Working area '/eos/home-p/psajdak/CMSSW_14_2_2/src/UserCode/Analysis/jobs/qqq2/crab_hhhhhh2' already exists 
Please change the requestName in the config file
INFO 2025-05-21 14:16:49.148 UTC: 	 Log file is /eos/home-p/psajdak/CMSSW_14_2_2/src/UserCode/Analysis/jobs/crab.log
DEBUG 2025-05-25 12:29:43.045 UTC: 	 CRAB Client version: v3.250409
DEBUG 2025-05-25 12:29:43.045 UTC: 	 Running on: Linux pcwaw09 5.14.0-503.23.2.el9_5.x86_64 #1 SMP PREEMPT_DYNAMIC Wed Feb 12 05:52:18 EST 2025 x86_64 x86_64 x86_64 GNU/Linux
DEBUG 2025-05-25 12:29:43.045 UTC: 	 Using SINGULARITY image: el9:x86_64
DEBUG 2025-05-25 12:29:43.045 UTC: 	 Operating System: AlmaLinux 9.5 (Teal Serval)
DEBUG 2025-05-25 12:29:43.045 UTC: 	 Executing command: 'submit'
DEBUG 2025-05-25 12:29:43.045 UTC: 	 Found CRAB cache file /home/psajdak/.crab3
INFO 2025-05-25 12:29:43.046 UTC: 	 Will use CRAB configuration file crabConfig.py
DEBUG 2025-05-25 12:29:43.046 UTC: 	 Loading CRAB configuration file.
ERROR 2025-05-25 12:29:43.079 UTC: 	 Invalid CRAB configuration: In case of Automatic splitting, the Data.unitsPerJob parameter must be in the [180, 2700] minutes range. You asked for 100 minutes.
The documentation about the CRAB configuration file can be found in https://twiki.cern.ch/twiki/bin/view/CMSPublic/CRAB3ConfigurationFile
ERROR 2025-05-25 12:29:43.079 UTC: 	 Caught ClientException exception
Traceback (most recent call last):
  File "/cvmfs/cms.cern.ch/share/cms/crab-prod/v3.250409.00/bin/crab.py", line 157, in <module>
    client()
  File "/cvmfs/cms.cern.ch/share/cms/crab-prod/v3.250409.00/bin/crab.py", line 135, in __call__
    self.cmd = sub_cmd(self.logger, args[1:])  # the crab command to be executed
  File "/cvmfs/cms.cern.ch/share/cms/crab-prod/v3.250409.00/lib/CRABClient/Commands/submit.py", line 37, in __init__
    SubCommand.__init__(self, logger, cmdargs, disable_interspersed_args=True)
  File "/cvmfs/cms.cern.ch/share/cms/crab-prod/v3.250409.00/lib/CRABClient/Commands/SubCommand.py", line 326, in __init__
    self.loadConfig(self.options.config, self.args)
  File "/cvmfs/cms.cern.ch/share/cms/crab-prod/v3.250409.00/lib/CRABClient/Commands/SubCommand.py", line 95, in loadConfig
    raise ConfigurationException(configmsg)
CRABClient.ClientExceptions.ConfigurationException: Invalid CRAB configuration: In case of Automatic splitting, the Data.unitsPerJob parameter must be in the [180, 2700] minutes range. You asked for 100 minutes.
The documentation about the CRAB configuration file can be found in https://twiki.cern.ch/twiki/bin/view/CMSPublic/CRAB3ConfigurationFile
INFO 2025-05-25 12:29:43.081 UTC: 	 Log file is /eos/home-p/psajdak/CMSSW_14_2_2/src/UserCode/Analysis/jobs/crab.log
DEBUG 2025-05-25 21:15:07.506 UTC: 	 CRAB Client version: v3.250409
DEBUG 2025-05-25 21:15:07.506 UTC: 	 Running on: Linux pcwaw09 5.14.0-503.23.2.el9_5.x86_64 #1 SMP PREEMPT_DYNAMIC Wed Feb 12 05:52:18 EST 2025 x86_64 x86_64 x86_64 GNU/Linux
DEBUG 2025-05-25 21:15:07.506 UTC: 	 Using SINGULARITY image: el9:x86_64
DEBUG 2025-05-25 21:15:07.506 UTC: 	 Operating System: AlmaLinux 9.5 (Teal Serval)
DEBUG 2025-05-25 21:15:07.506 UTC: 	 Executing command: 'kill'
DEBUG 2025-05-25 21:15:07.506 UTC: 	 Found CRAB cache file /home/psajdak/.crab3
ERROR 2025-05-25 21:15:07.506 UTC: 	 Error: Please indicate the CRAB project directory with --dir=<project-directory>.
ERROR 2025-05-25 21:15:07.506 UTC: 	 Caught ClientException exception
Traceback (most recent call last):
  File "/cvmfs/cms.cern.ch/share/cms/crab-prod/v3.250409.00/bin/crab.py", line 157, in <module>
    client()
  File "/cvmfs/cms.cern.ch/share/cms/crab-prod/v3.250409.00/bin/crab.py", line 135, in __call__
    self.cmd = sub_cmd(self.logger, args[1:])  # the crab command to be executed
  File "/cvmfs/cms.cern.ch/share/cms/crab-prod/v3.250409.00/lib/CRABClient/Commands/SubCommand.py", line 281, in __init__
    SubCommand.validateOptions(self)
  File "/cvmfs/cms.cern.ch/share/cms/crab-prod/v3.250409.00/lib/CRABClient/Commands/SubCommand.py", line 687, in validateOptions
    raise ex
CRABClient.ClientExceptions.MissingOptionException: [91mError[0m: Please indicate the CRAB project directory with --dir=<project-directory>.
INFO 2025-05-25 21:15:07.511 UTC: 	 Log file is /eos/home-p/psajdak/CMSSW_14_2_2/src/UserCode/Analysis/jobs/crab.log
DEBUG 2025-05-25 21:44:44.874 UTC: 	 CRAB Client version: v3.250409
DEBUG 2025-05-25 21:44:44.874 UTC: 	 Running on: Linux pcwaw09 5.14.0-503.23.2.el9_5.x86_64 #1 SMP PREEMPT_DYNAMIC Wed Feb 12 05:52:18 EST 2025 x86_64 x86_64 x86_64 GNU/Linux
DEBUG 2025-05-25 21:44:44.874 UTC: 	 Using SINGULARITY image: el9:x86_64
DEBUG 2025-05-25 21:44:44.874 UTC: 	 Operating System: AlmaLinux 9.5 (Teal Serval)
DEBUG 2025-05-25 21:44:44.874 UTC: 	 Executing command: 'kill'
DEBUG 2025-05-25 21:44:44.874 UTC: 	 Found CRAB cache file /home/psajdak/.crab3
ERROR 2025-05-25 21:44:44.876 UTC: 	 Error: /eos/home-p/psajdak/CMSSW_14_2_2/src/UserCode/Analysis/jobs/JpsiK/crab_quickTest is not a valid CRAB project directory.
ERROR 2025-05-25 21:44:44.876 UTC: 	 Caught ClientException exception
Traceback (most recent call last):
  File "/cvmfs/cms.cern.ch/share/cms/crab-prod/v3.250409.00/bin/crab.py", line 157, in <module>
    client()
  File "/cvmfs/cms.cern.ch/share/cms/crab-prod/v3.250409.00/bin/crab.py", line 135, in __call__
    self.cmd = sub_cmd(self.logger, args[1:])  # the crab command to be executed
  File "/cvmfs/cms.cern.ch/share/cms/crab-prod/v3.250409.00/lib/CRABClient/Commands/SubCommand.py", line 281, in __init__
    SubCommand.validateOptions(self)
  File "/cvmfs/cms.cern.ch/share/cms/crab-prod/v3.250409.00/lib/CRABClient/Commands/SubCommand.py", line 691, in validateOptions
    raise ConfigurationException(msg)
CRABClient.ClientExceptions.ConfigurationException: [91mError[0m: /eos/home-p/psajdak/CMSSW_14_2_2/src/UserCode/Analysis/jobs/JpsiK/crab_quickTest is not a valid CRAB project directory.
INFO 2025-05-25 21:44:44.879 UTC: 	 Log file is /eos/home-p/psajdak/CMSSW_14_2_2/src/UserCode/Analysis/jobs/crab.log
DEBUG 2025-05-25 21:47:09.221 UTC: 	 CRAB Client version: v3.250409
DEBUG 2025-05-25 21:47:09.222 UTC: 	 Running on: Linux pcwaw09 5.14.0-503.23.2.el9_5.x86_64 #1 SMP PREEMPT_DYNAMIC Wed Feb 12 05:52:18 EST 2025 x86_64 x86_64 x86_64 GNU/Linux
DEBUG 2025-05-25 21:47:09.222 UTC: 	 Using SINGULARITY image: el9:x86_64
DEBUG 2025-05-25 21:47:09.222 UTC: 	 Operating System: AlmaLinux 9.5 (Teal Serval)
DEBUG 2025-05-25 21:47:09.222 UTC: 	 Executing command: 'submit'
DEBUG 2025-05-25 21:47:09.222 UTC: 	 Found CRAB cache file /home/psajdak/.crab3
DEBUG 2025-05-25 21:57:29.726 UTC: 	 CRAB Client version: v3.250409
DEBUG 2025-05-25 21:57:29.726 UTC: 	 Running on: Linux pcwaw09 5.14.0-503.23.2.el9_5.x86_64 #1 SMP PREEMPT_DYNAMIC Wed Feb 12 05:52:18 EST 2025 x86_64 x86_64 x86_64 GNU/Linux
DEBUG 2025-05-25 21:57:29.726 UTC: 	 Using SINGULARITY image: el9:x86_64
DEBUG 2025-05-25 21:57:29.726 UTC: 	 Operating System: AlmaLinux 9.5 (Teal Serval)
DEBUG 2025-05-25 21:57:29.726 UTC: 	 Executing command: 'submit'
DEBUG 2025-05-25 21:57:29.726 UTC: 	 Found CRAB cache file /home/psajdak/.crab3
INFO 2025-05-25 21:57:29.739 UTC: 	 Will use CRAB configuration file crabConfig.py
DEBUG 2025-05-25 21:57:29.739 UTC: 	 Loading CRAB configuration file.
DEBUG 2025-05-25 21:57:29.759 UTC: 	 Will use CRAB plugin ANALYSIS (i.e. will run an analysis job type).
ERROR 2025-05-25 21:57:29.759 UTC: 	 Working area '/eos/home-p/psajdak/CMSSW_14_2_2/src/UserCode/Analysis/jobs/Jpsi_K/crab_full0' already exists 
Please change the requestName in the config file
ERROR 2025-05-25 21:57:29.759 UTC: 	 Caught ClientException exception
Traceback (most recent call last):
  File "/cvmfs/cms.cern.ch/share/cms/crab-prod/v3.250409.00/bin/crab.py", line 157, in <module>
    client()
  File "/cvmfs/cms.cern.ch/share/cms/crab-prod/v3.250409.00/bin/crab.py", line 135, in __call__
    self.cmd = sub_cmd(self.logger, args[1:])  # the crab command to be executed
  File "/cvmfs/cms.cern.ch/share/cms/crab-prod/v3.250409.00/lib/CRABClient/Commands/submit.py", line 37, in __init__
    SubCommand.__init__(self, logger, cmdargs, disable_interspersed_args=True)
  File "/cvmfs/cms.cern.ch/share/cms/crab-prod/v3.250409.00/lib/CRABClient/Commands/SubCommand.py", line 328, in __init__
    self.requestarea, self.requestname, self.logfile = createWorkArea(
  File "/cvmfs/cms.cern.ch/share/cms/crab-prod/v3.250409.00/lib/CRABClient/ClientUtilities.py", line 392, in createWorkArea
    raise ConfigException("Working area '%s' already exists \nPlease change the requestName in the config file" % fullpath)
CRABClient.ClientExceptions.ConfigException: Working area '/eos/home-p/psajdak/CMSSW_14_2_2/src/UserCode/Analysis/jobs/Jpsi_K/crab_full0' already exists 
Please change the requestName in the config file
INFO 2025-05-25 21:57:29.761 UTC: 	 Log file is /eos/home-p/psajdak/CMSSW_14_2_2/src/UserCode/Analysis/jobs/crab.log
DEBUG 2025-05-26 10:31:39.401 UTC: 	 CRAB Client version: v3.250409
DEBUG 2025-05-26 10:31:39.401 UTC: 	 Running on: Linux pcwaw09 5.14.0-503.23.2.el9_5.x86_64 #1 SMP PREEMPT_DYNAMIC Wed Feb 12 05:52:18 EST 2025 x86_64 x86_64 x86_64 GNU/Linux
DEBUG 2025-05-26 10:31:39.401 UTC: 	 Using SINGULARITY image: el9:x86_64
DEBUG 2025-05-26 10:31:39.401 UTC: 	 Operating System: AlmaLinux 9.5 (Teal Serval)
DEBUG 2025-05-26 10:31:39.401 UTC: 	 Executing command: 'status'
DEBUG 2025-05-26 10:31:39.401 UTC: 	 Found CRAB cache file /home/psajdak/.crab3
DEBUG 2025-05-27 22:22:16.982 UTC: 	 CRAB Client version: v3.250409
DEBUG 2025-05-27 22:22:16.982 UTC: 	 Running on: Linux pcwaw09 5.14.0-503.23.2.el9_5.x86_64 #1 SMP PREEMPT_DYNAMIC Wed Feb 12 05:52:18 EST 2025 x86_64 x86_64 x86_64 GNU/Linux
DEBUG 2025-05-27 22:22:16.982 UTC: 	 Using SINGULARITY image: el9:x86_64
DEBUG 2025-05-27 22:22:16.982 UTC: 	 Operating System: AlmaLinux 9.6 (Sage Margay)
DEBUG 2025-05-27 22:22:16.982 UTC: 	 Executing command: 'submit'
DEBUG 2025-05-27 22:22:16.983 UTC: 	 Found CRAB cache file /home/psajdak/.crab3
INFO 2025-05-27 22:22:16.984 UTC: 	 Will use CRAB configuration file crabConfig.py
DEBUG 2025-05-27 22:22:16.984 UTC: 	 Loading CRAB configuration file.
DEBUG 2025-05-27 22:22:16.991 UTC: 	 Will use CRAB plugin ANALYSIS (i.e. will run an analysis job type).
ERROR 2025-05-27 22:22:16.993 UTC: 	 Working area '/eos/home-p/psajdak/CMSSW_14_2_2/src/UserCode/Analysis/jobs/Jpsi_K/crab_full1' already exists 
Please change the requestName in the config file
ERROR 2025-05-27 22:22:16.993 UTC: 	 Caught ClientException exception
Traceback (most recent call last):
  File "/cvmfs/cms.cern.ch/share/cms/crab-prod/v3.250409.00/bin/crab.py", line 157, in <module>
    client()
  File "/cvmfs/cms.cern.ch/share/cms/crab-prod/v3.250409.00/bin/crab.py", line 135, in __call__
    self.cmd = sub_cmd(self.logger, args[1:])  # the crab command to be executed
  File "/cvmfs/cms.cern.ch/share/cms/crab-prod/v3.250409.00/lib/CRABClient/Commands/submit.py", line 37, in __init__
    SubCommand.__init__(self, logger, cmdargs, disable_interspersed_args=True)
  File "/cvmfs/cms.cern.ch/share/cms/crab-prod/v3.250409.00/lib/CRABClient/Commands/SubCommand.py", line 328, in __init__
    self.requestarea, self.requestname, self.logfile = createWorkArea(
  File "/cvmfs/cms.cern.ch/share/cms/crab-prod/v3.250409.00/lib/CRABClient/ClientUtilities.py", line 392, in createWorkArea
    raise ConfigException("Working area '%s' already exists \nPlease change the requestName in the config file" % fullpath)
CRABClient.ClientExceptions.ConfigException: Working area '/eos/home-p/psajdak/CMSSW_14_2_2/src/UserCode/Analysis/jobs/Jpsi_K/crab_full1' already exists 
Please change the requestName in the config file
INFO 2025-05-27 22:22:16.997 UTC: 	 Log file is /eos/home-p/psajdak/CMSSW_14_2_2/src/UserCode/Analysis/jobs/crab.log
DEBUG 2025-05-28 21:19:57.851 UTC: 	 CRAB Client version: v3.250409
DEBUG 2025-05-28 21:19:57.851 UTC: 	 Running on: Linux pcwaw09 5.14.0-503.23.2.el9_5.x86_64 #1 SMP PREEMPT_DYNAMIC Wed Feb 12 05:52:18 EST 2025 x86_64 x86_64 x86_64 GNU/Linux
DEBUG 2025-05-28 21:19:57.851 UTC: 	 Using SINGULARITY image: el9:x86_64
DEBUG 2025-05-28 21:19:57.851 UTC: 	 Operating System: AlmaLinux 9.6 (Sage Margay)
DEBUG 2025-05-28 21:19:57.851 UTC: 	 Executing command: 'status'
DEBUG 2025-05-28 21:19:57.851 UTC: 	 Found CRAB cache file /home/psajdak/.crab3
DEBUG 2025-06-02 11:13:00.644 UTC: 	 CRAB Client version: v3.250409
DEBUG 2025-06-02 11:13:00.644 UTC: 	 Running on: Linux pcwaw09 5.14.0-503.23.2.el9_5.x86_64 #1 SMP PREEMPT_DYNAMIC Wed Feb 12 05:52:18 EST 2025 x86_64 x86_64 x86_64 GNU/Linux
DEBUG 2025-06-02 11:13:00.644 UTC: 	 Using SINGULARITY image: el9:x86_64
DEBUG 2025-06-02 11:13:00.644 UTC: 	 Operating System: AlmaLinux 9.6 (Sage Margay)
DEBUG 2025-06-02 11:13:00.644 UTC: 	 Executing command: 'status'
DEBUG 2025-06-02 11:13:00.644 UTC: 	 Found CRAB cache file /home/psajdak/.crab3
DEBUG 2025-06-02 11:16:36.295 UTC: 	 CRAB Client version: v3.250409
DEBUG 2025-06-02 11:16:36.295 UTC: 	 Running on: Linux pcwaw09 5.14.0-503.23.2.el9_5.x86_64 #1 SMP PREEMPT_DYNAMIC Wed Feb 12 05:52:18 EST 2025 x86_64 x86_64 x86_64 GNU/Linux
DEBUG 2025-06-02 11:16:36.295 UTC: 	 Using SINGULARITY image: el9:x86_64
DEBUG 2025-06-02 11:16:36.295 UTC: 	 Operating System: AlmaLinux 9.6 (Sage Margay)
DEBUG 2025-06-02 11:16:36.295 UTC: 	 Executing command: 'tasks'
DEBUG 2025-06-02 11:16:36.295 UTC: 	 Found CRAB cache file /home/psajdak/.crab3
DEBUG 2025-06-02 11:16:36.295 UTC: 	 Checking credentials
DEBUG 2025-06-02 11:16:36.295 UTC: 	 Found proxy file /tmp/x509up_u183200
DEBUG 2025-06-02 11:16:36.295 UTC: 	 Making sure it has proper VOMS extension
DEBUG 2025-06-02 11:16:36.295 UTC: 	 Executing command :
 voms-proxy-info --vo --file /tmp/x509up_u183200
DEBUG 2025-06-02 11:16:36.308 UTC: 	 output : cms

 error: 
 retcode : 0
DEBUG 2025-06-02 11:16:36.308 UTC: 	 Getting proxy life time left
DEBUG 2025-06-02 11:16:36.308 UTC: 	 Executing command :
 voms-proxy-info --actimeleft --timeleft --file /tmp/x509up_u183200
DEBUG 2025-06-02 11:16:36.321 UTC: 	 output : 690942
690942

 error: 
 retcode : 0
DEBUG 2025-06-02 11:16:36.321 UTC: 	 Proxy valid for 191:55:42 hours
DEBUG 2025-06-02 11:16:36.321 UTC: 	 Encoded data for curl request: subresource=delegatedn
DEBUG 2025-06-02 11:16:36.349 UTC: 	 Registering user credentials on myproxy for /DC=ch/DC=cern/OU=computers/CN=crab-(preprod|prod)-tw(01|02).cern.ch|/DC=ch/DC=cern/OU=computers/CN=crab-dev-tw(01|02|03|04).cern.ch|/DC=ch/DC=cern/OU=Organic Units/OU=Users/CN=cmscrab/CN=(817881|373708)/CN=Robot: cms crab|/DC=ch/DC=cern/OU=Organic Units/OU=Users/CN=crabint1/CN=373708/CN=Robot: CMS CRAB Integration 1
DEBUG 2025-06-02 11:16:36.349 UTC: 	 Executing command :
 voms-proxy-info --identity --file /tmp/x509up_u183200
DEBUG 2025-06-02 11:16:36.363 UTC: 	 output : /DC=ch/DC=cern/OU=Organic Units/OU=Users/CN=psajdak/CN=887534/CN=Pawel Sajdak

 error: 
 retcode : 0
DEBUG 2025-06-02 11:16:36.363 UTC: 	 Getting myproxy life time left for 2ad9106fd7ae4a9b1ce4cb184f94cae618d249f1
DEBUG 2025-06-02 11:16:36.363 UTC: 	 Executing command :
 myproxy-info -s myproxy.cern.ch -l 2ad9106fd7ae4a9b1ce4cb184f94cae618d249f1
DEBUG 2025-06-02 11:16:36.681 UTC: 	 output : username: 2ad9106fd7ae4a9b1ce4cb184f94cae618d249f1
owner: /DC=ch/DC=cern/OU=Organic Units/OU=Users/CN=psajdak/CN=887534/CN=Pawel Sajdak
  renewal policy: /DC=ch/DC=cern/OU=computers/CN=crab-(preprod|prod)-tw(01|02).cern.ch|/DC=ch/DC=cern/OU=computers/CN=crab-dev-tw(01|02|03|04).cern.ch|/DC=ch/DC=cern/OU=Organic Units/OU=Users/CN=cmscrab/CN=(817881|373708)/CN=Robot: cms crab|/DC=ch/DC=cern/OU=Organic Units/OU=Users/CN=crabint1/CN=373708/CN=Robot: CMS CRAB Integration 1
  trusted retrieval policy: /DC=ch/DC=cern/OU=computers/CN=crab-(preprod|prod)-tw(01|02).cern.ch|/DC=ch/DC=cern/OU=computers/CN=crab-dev-tw(01|02|03|04).cern.ch|/DC=ch/DC=cern/OU=Organic Units/OU=Users/CN=cmscrab/CN=(817881|373708)/CN=Robot: cms crab|/DC=ch/DC=cern/OU=Organic Units/OU=Users/CN=crabint1/CN=373708/CN=Robot: CMS CRAB Integration 1
  timeleft: 434:59:13  (18.1 days)

 error: 
 retcode : 0
DEBUG 2025-06-02 11:16:36.681 UTC: 	 Myproxy is valid: 1565940
DEBUG 2025-06-02 11:16:36.681 UTC: 	 Result of myproxy credential check:
  Credential exists on myproxy: username: 2ad9106fd7ae4a9b1ce4cb184f94cae618d249f1  - validity: 18 days, 2:59:00
DEBUG 2025-06-02 11:16:36.681 UTC: 	 Command use: tasks
DEBUG 2025-06-02 11:16:36.681 UTC: 	 Options use: []
DEBUG 2025-06-02 11:16:36.681 UTC: 	 Encoded data for curl request: subresource=version
DEBUG 2025-06-02 11:16:36.707 UTC: 	 CRABClient version: v3.250409
DEBUG 2025-06-02 11:16:36.707 UTC: 	 Instance is prod
DEBUG 2025-06-02 11:16:36.707 UTC: 	 Server base url is cmsweb.cern.ch
DEBUG 2025-06-02 11:16:36.707 UTC: 	 Command api workflow
DEBUG 2025-06-02 11:16:36.708 UTC: 	 Encoded data for curl request: timestamp=2025-05-03
INFO 2025-06-02 11:16:36.782 UTC: 	 
List of tasks from 2025-05-03 until 2025-06-02
INFO 2025-06-02 11:16:36.783 UTC: 	 Beware that STATUS here does not include information from grid jobs
INFO 2025-06-02 11:16:36.783 UTC: 	 ================================================================================
INFO 2025-06-02 11:16:36.783 UTC: 	 NAME								STATUS
INFO 2025-06-02 11:16:36.783 UTC: 	 ================================================================================
INFO 2025-06-02 11:16:36.783 UTC: 	 250530_202254:psajdak_crab_full7
								SUBMITTED
INFO 2025-06-02 11:16:36.783 UTC: 	 --------------------------------------------------------------------------------
INFO 2025-06-02 11:16:36.783 UTC: 	 250530_202235:psajdak_crab_full6
								SUBMITTED
INFO 2025-06-02 11:16:36.783 UTC: 	 --------------------------------------------------------------------------------
INFO 2025-06-02 11:16:36.783 UTC: 	 250530_202213:psajdak_crab_full5
								SUBMITTED
INFO 2025-06-02 11:16:36.783 UTC: 	 --------------------------------------------------------------------------------
INFO 2025-06-02 11:16:36.783 UTC: 	 250530_202137:psajdak_crab_full4
								SUBMITTED
INFO 2025-06-02 11:16:36.783 UTC: 	 --------------------------------------------------------------------------------
INFO 2025-06-02 11:16:36.783 UTC: 	 250529_192027:psajdak_crab_full3
								SUBMITTED
INFO 2025-06-02 11:16:36.783 UTC: 	 --------------------------------------------------------------------------------
INFO 2025-06-02 11:16:36.783 UTC: 	 250528_233102:psajdak_crab_full2
								SUBMITTED
INFO 2025-06-02 11:16:36.783 UTC: 	 --------------------------------------------------------------------------------
INFO 2025-06-02 11:16:36.783 UTC: 	 250528_212920:psajdak_crab_full1_v2
								SUBMITTED
INFO 2025-06-02 11:16:36.783 UTC: 	 --------------------------------------------------------------------------------
INFO 2025-06-02 11:16:36.783 UTC: 	 250528_205539:psajdak_crab_test_with0
								KILLED
INFO 2025-06-02 11:16:36.783 UTC: 	 --------------------------------------------------------------------------------
INFO 2025-06-02 11:16:36.783 UTC: 	 250527_215621:psajdak_crab_full1
								SUBMITTED
INFO 2025-06-02 11:16:36.783 UTC: 	 --------------------------------------------------------------------------------
INFO 2025-06-02 11:16:36.783 UTC: 	 250526_104236:psajdak_crab_full0_corrName
								SUBMITTED
INFO 2025-06-02 11:16:36.783 UTC: 	 --------------------------------------------------------------------------------
INFO 2025-06-02 11:16:36.783 UTC: 	 250525_215907:psajdak_crab_full0v2
								KILLED
INFO 2025-06-02 11:16:36.783 UTC: 	 --------------------------------------------------------------------------------
INFO 2025-06-02 11:16:36.783 UTC: 	 250525_214820:psajdak_crab_full0
								UPLOADED
INFO 2025-06-02 11:16:36.783 UTC: 	 --------------------------------------------------------------------------------
INFO 2025-06-02 11:16:36.783 UTC: 	 250525_213913:psajdak_crab_quickTest
								KILLED
INFO 2025-06-02 11:16:36.783 UTC: 	 --------------------------------------------------------------------------------
INFO 2025-06-02 11:16:36.783 UTC: 	 250525_123059:psajdak_crab_automaticSplitting
								KILLED
INFO 2025-06-02 11:16:36.783 UTC: 	 --------------------------------------------------------------------------------
INFO 2025-06-02 11:16:36.783 UTC: 	 250521_142131:psajdak_crab_hhhhhh2
								SUBMITTED
INFO 2025-06-02 11:16:36.783 UTC: 	 --------------------------------------------------------------------------------
INFO 2025-06-02 11:16:36.783 UTC: 	 250521_141556:psajdak_crab_hhhhhh2
								SUBMITTED
INFO 2025-06-02 11:16:36.783 UTC: 	 --------------------------------------------------------------------------------
INFO 2025-06-02 11:16:36.783 UTC: 	 

WARNING 2025-06-02 11:16:36.783 UTC: 	 ATTENTION return value for 'tasks' has been changed to a dictionary
 format is {'commandStatus': 'SUCCESS' or 'FAILED',
            'tasklist': list of [task, status] lists as before}
INFO 2025-06-02 11:16:36.790 UTC: 	 Log file is /eos/home-p/psajdak/CMSSW_14_2_2/src/UserCode/Analysis/jobs/crab.log
DEBUG 2025-06-02 11:17:25.438 UTC: 	 CRAB Client version: v3.250409
DEBUG 2025-06-02 11:17:25.438 UTC: 	 Running on: Linux pcwaw09 5.14.0-503.23.2.el9_5.x86_64 #1 SMP PREEMPT_DYNAMIC Wed Feb 12 05:52:18 EST 2025 x86_64 x86_64 x86_64 GNU/Linux
DEBUG 2025-06-02 11:17:25.438 UTC: 	 Using SINGULARITY image: el9:x86_64
DEBUG 2025-06-02 11:17:25.438 UTC: 	 Operating System: AlmaLinux 9.6 (Sage Margay)
DEBUG 2025-06-02 11:17:25.438 UTC: 	 Executing command: 'tasks'
DEBUG 2025-06-02 11:17:25.438 UTC: 	 Found CRAB cache file /home/psajdak/.crab3
